kotlin version: 2.2.10
error message: Incremental compilation failed: org.jetbrains.kotlin.net.jpountz.lz4.LZ4Exception: Malformed input at 3
java.io.IOException: org.jetbrains.kotlin.net.jpountz.lz4.LZ4Exception: Malformed input at 3
	at org.jetbrains.kotlin.com.intellij.util.io.CompressedAppendableFile.loadChunk(CompressedAppendableFile.java:195)
	at org.jetbrains.kotlin.com.intellij.util.io.CompressedAppendableFile.access$100(CompressedAppendableFile.java:31)
	at org.jetbrains.kotlin.com.intellij.util.io.CompressedAppendableFile$FileChunkReadCache.get(CompressedAppendableFile.java:462)
	at org.jetbrains.kotlin.com.intellij.util.io.CompressedAppendableFile$SegmentedChunkInputStream.read(CompressedAppendableFile.java:517)
	at java.base/java.io.DataInputStream.readFully(Unknown Source)
	at org.jetbrains.kotlin.com.intellij.util.io.PersistentHashMapValueStorage$ReaderOverCompressedFile.get(PersistentHashMapValueStorage.java:815)
	at org.jetbrains.kotlin.com.intellij.util.io.PersistentHashMapValueStorage.readBytes(PersistentHashMapValueStorage.java:588)
	at org.jetbrains.kotlin.com.intellij.util.io.PersistentMapImpl.doGet(PersistentMapImpl.java:684)
	at org.jetbrains.kotlin.com.intellij.util.io.PersistentMapImpl.get(PersistentMapImpl.java:621)
	at org.jetbrains.kotlin.com.intellij.util.io.PersistentHashMap.get(PersistentHashMap.java:197)
	at org.jetbrains.kotlin.incremental.storage.LazyStorage.get(LazyStorage.kt:76)
	at org.jetbrains.kotlin.incremental.storage.InMemoryStorage.get(InMemoryStorage.kt:68)
	at org.jetbrains.kotlin.incremental.storage.AppendableInMemoryStorage.get(InMemoryStorage.kt:155)
	at org.jetbrains.kotlin.incremental.storage.AppendableInMemoryStorage.get(InMemoryStorage.kt:147)
	at org.jetbrains.kotlin.incremental.storage.AppendableSetBasicMap.get(BasicMap.kt:137)
	at org.jetbrains.kotlin.incremental.storage.SourceToOutputFilesMap.getAndRemove(SourceToOutputFilesMap.kt:22)
	at org.jetbrains.kotlin.incremental.InputsCache.removeOutputForSourceFiles(InputsCache.kt:41)
	at org.jetbrains.kotlin.incremental.IncrementalCompilerRunner.doCompile(IncrementalCompilerRunner.kt:479)
	at org.jetbrains.kotlin.incremental.IncrementalCompilerRunner.compileImpl(IncrementalCompilerRunner.kt:421)
	at org.jetbrains.kotlin.incremental.IncrementalCompilerRunner.tryCompileIncrementally$lambda$10$compile(IncrementalCompilerRunner.kt:254)
	at org.jetbrains.kotlin.incremental.IncrementalCompilerRunner.tryCompileIncrementally(IncrementalCompilerRunner.kt:272)
	at org.jetbrains.kotlin.incremental.IncrementalCompilerRunner.compile(IncrementalCompilerRunner.kt:124)
	at org.jetbrains.kotlin.daemon.CompileServiceImplBase.execIncrementalCompiler(CompileServiceImpl.kt:679)
	at org.jetbrains.kotlin.daemon.CompileServiceImplBase.access$execIncrementalCompiler(CompileServiceImpl.kt:93)
	at org.jetbrains.kotlin.daemon.CompileServiceImpl.compile(CompileServiceImpl.kt:1806)
	at java.base/jdk.internal.reflect.DirectMethodHandleAccessor.invoke(Unknown Source)
	at java.base/java.lang.reflect.Method.invoke(Unknown Source)
	at java.rmi/sun.rmi.server.UnicastServerRef.dispatch(Unknown Source)
	at java.rmi/sun.rmi.transport.Transport$1.run(Unknown Source)
	at java.rmi/sun.rmi.transport.Transport$1.run(Unknown Source)
	at java.base/java.security.AccessController.doPrivileged(Unknown Source)
	at java.rmi/sun.rmi.transport.Transport.serviceCall(Unknown Source)
	at java.rmi/sun.rmi.transport.tcp.TCPTransport.handleMessages(Unknown Source)
	at java.rmi/sun.rmi.transport.tcp.TCPTransport$ConnectionHandler.run0(Unknown Source)
	at java.rmi/sun.rmi.transport.tcp.TCPTransport$ConnectionHandler.lambda$run$0(Unknown Source)
	at java.base/java.security.AccessController.doPrivileged(Unknown Source)
	at java.rmi/sun.rmi.transport.tcp.TCPTransport$ConnectionHandler.run(Unknown Source)
	at java.base/java.util.concurrent.ThreadPoolExecutor.runWorker(Unknown Source)
	at java.base/java.util.concurrent.ThreadPoolExecutor$Worker.run(Unknown Source)
	at java.base/java.lang.Thread.run(Unknown Source)
Caused by: org.jetbrains.kotlin.net.jpountz.lz4.LZ4Exception: Malformed input at 3
	at org.jetbrains.kotlin.net.jpountz.lz4.LZ4JavaUnsafeFastDecompressor.decompress(LZ4JavaUnsafeFastDecompressor.java:77)
	at org.jetbrains.kotlin.net.jpountz.lz4.LZ4FastDecompressor.decompress(LZ4FastDecompressor.java:107)
	at org.jetbrains.kotlin.com.intellij.util.CompressionUtil.readCompressedWithoutOriginalBufferLength(CompressionUtil.java:135)
	at org.jetbrains.kotlin.com.intellij.util.io.CompressedAppendableFile.decompress(CompressedAppendableFile.java:365)
	at org.jetbrains.kotlin.com.intellij.util.io.CompressedAppendableFile.loadChunk(CompressedAppendableFile.java:183)
	... 39 more


